 * Running on http://127.0.0.1:5000/ (Press CTRL+C to quit)
127.0.0.1 - - [13/Jan/2021 22:32:53] "[32mPOST /imginterface HTTP/1.1[0m" 308 -
 * Running on http://127.0.0.1:5000/ (Press CTRL+C to quit)
